# dmidecode 3.5
Getting SMBIOS data from sysfs.
SMBIOS 3.5.0 present.
Table at 0x6C987000.

Handle 0x0000, DMI type 16, 23 bytes
Physical Memory Array
	Location: System Board Or Motherboard
	Use: System Memory
	Error Correction Type: Single-bit ECC
	Maximum Capacity: 6 TB
	Error Information Handle: Not Provided
	Number Of Devices: 24

Handle 0x0001, DMI type 17, 92 bytes
Memory Device
	Array Handle: 0x0000
	Error Information Handle: Not Provided
	Total Width: 80 bits
	Data Width: 64 bits
	Size: 96 GB
	Form Factor: DIMM
	Set: None
	Locator: DIMM5
	Bank Locator: BANK 0
	Type: DDR5
	Type Detail: Synchronous Registered (Buffered)
	Speed: 6400 MT/s
	Manufacturer: Micron
	Serial Number: 802C0624394B337688
	Asset Tag: CPU0_DIMM_A_AssetTag
	Part Number: MTC40F204WS1RC64BB23          
	Rank: 2
	Configured Memory Speed: 6400 MT/s
	Minimum Voltage: 1.1 V
	Maximum Voltage: 1.1 V
	Configured Voltage: 1.1 V
	Memory Technology: DRAM
	Memory Operating Mode Capability: Volatile memory
	Firmware Version: 0000 
	Module Manufacturer ID: Bank 1, Hex 0x2C
	Module Product ID: 0x2C00
	Memory Subsystem Controller Manufacturer ID: Unknown
	Memory Subsystem Controller Product ID: Unknown
	Non-Volatile Size: None
	Volatile Size: 96 GB
	Cache Size: None
	Logical Size: None

Handle 0x0002, DMI type 17, 92 bytes
Memory Device
	Array Handle: 0x0000
	Error Information Handle: Not Provided
	Total Width: 80 bits
	Data Width: 64 bits
	Size: 96 GB
	Form Factor: DIMM
	Set: None
	Locator: DIMM4
	Bank Locator: BANK 1
	Type: DDR5
	Type Detail: Synchronous Registered (Buffered)
	Speed: 6400 MT/s
	Manufacturer: Micron
	Serial Number: 802C0624394B338148
	Asset Tag: CPU0_DIMM_B_AssetTag
	Part Number: MTC40F204WS1RC64BB23          
	Rank: 2
	Configured Memory Speed: 6400 MT/s
	Minimum Voltage: 1.1 V
	Maximum Voltage: 1.1 V
	Configured Voltage: 1.1 V
	Memory Technology: DRAM
	Memory Operating Mode Capability: Volatile memory
	Firmware Version: 0000 
	Module Manufacturer ID: Bank 1, Hex 0x2C
	Module Product ID: 0x2C00
	Memory Subsystem Controller Manufacturer ID: Unknown
	Memory Subsystem Controller Product ID: Unknown
	Non-Volatile Size: None
	Volatile Size: 96 GB
	Cache Size: None
	Logical Size: None

Handle 0x0003, DMI type 17, 92 bytes
Memory Device
	Array Handle: 0x0000
	Error Information Handle: Not Provided
	Total Width: 80 bits
	Data Width: 64 bits
	Size: 96 GB
	Form Factor: DIMM
	Set: None
	Locator: DIMM3
	Bank Locator: BANK 2
	Type: DDR5
	Type Detail: Synchronous Registered (Buffered)
	Speed: 6400 MT/s
	Manufacturer: Micron
	Serial Number: 802C0624394B337218
	Asset Tag: CPU0_DIMM_C_AssetTag
	Part Number: MTC40F204WS1RC64BB23          
	Rank: 2
	Configured Memory Speed: 6400 MT/s
	Minimum Voltage: 1.1 V
	Maximum Voltage: 1.1 V
	Configured Voltage: 1.1 V
	Memory Technology: DRAM
	Memory Operating Mode Capability: Volatile memory
	Firmware Version: 0000 
	Module Manufacturer ID: Bank 1, Hex 0x2C
	Module Product ID: 0x2C00
	Memory Subsystem Controller Manufacturer ID: Unknown
	Memory Subsystem Controller Product ID: Unknown
	Non-Volatile Size: None
	Volatile Size: 96 GB
	Cache Size: None
	Logical Size: None

Handle 0x0004, DMI type 17, 92 bytes
Memory Device
	Array Handle: 0x0000
	Error Information Handle: Not Provided
	Total Width: 80 bits
	Data Width: 64 bits
	Size: 96 GB
	Form Factor: DIMM
	Set: None
	Locator: DIMM2
	Bank Locator: BANK 3
	Type: DDR5
	Type Detail: Synchronous Registered (Buffered)
	Speed: 6400 MT/s
	Manufacturer: Micron
	Serial Number: 802C0624394B337205
	Asset Tag: CPU0_DIMM_D_AssetTag
	Part Number: MTC40F204WS1RC64BB23          
	Rank: 2
	Configured Memory Speed: 6400 MT/s
	Minimum Voltage: 1.1 V
	Maximum Voltage: 1.1 V
	Configured Voltage: 1.1 V
	Memory Technology: DRAM
	Memory Operating Mode Capability: Volatile memory
	Firmware Version: 0000 
	Module Manufacturer ID: Bank 1, Hex 0x2C
	Module Product ID: 0x2C00
	Memory Subsystem Controller Manufacturer ID: Unknown
	Memory Subsystem Controller Product ID: Unknown
	Non-Volatile Size: None
	Volatile Size: 96 GB
	Cache Size: None
	Logical Size: None

Handle 0x0005, DMI type 17, 92 bytes
Memory Device
	Array Handle: 0x0000
	Error Information Handle: Not Provided
	Total Width: 80 bits
	Data Width: 64 bits
	Size: 96 GB
	Form Factor: DIMM
	Set: None
	Locator: DIMM1
	Bank Locator: BANK 4
	Type: DDR5
	Type Detail: Synchronous Registered (Buffered)
	Speed: 6400 MT/s
	Manufacturer: Micron
	Serial Number: 802C0624394B338163
	Asset Tag: CPU0_DIMM_E_AssetTag
	Part Number: MTC40F204WS1RC64BB23          
	Rank: 2
	Configured Memory Speed: 6400 MT/s
	Minimum Voltage: 1.1 V
	Maximum Voltage: 1.1 V
	Configured Voltage: 1.1 V
	Memory Technology: DRAM
	Memory Operating Mode Capability: Volatile memory
	Firmware Version: 0000 
	Module Manufacturer ID: Bank 1, Hex 0x2C
	Module Product ID: 0x2C00
	Memory Subsystem Controller Manufacturer ID: Unknown
	Memory Subsystem Controller Product ID: Unknown
	Non-Volatile Size: None
	Volatile Size: 96 GB
	Cache Size: None
	Logical Size: None

Handle 0x0006, DMI type 17, 92 bytes
Memory Device
	Array Handle: 0x0000
	Error Information Handle: Not Provided
	Total Width: 80 bits
	Data Width: 64 bits
	Size: 96 GB
	Form Factor: DIMM
	Set: None
	Locator: DIMM0
	Bank Locator: BANK 5
	Type: DDR5
	Type Detail: Synchronous Registered (Buffered)
	Speed: 6400 MT/s
	Manufacturer: Micron
	Serial Number: 802C0624394B337262
	Asset Tag: CPU0_DIMM_F_AssetTag
	Part Number: MTC40F204WS1RC64BB23          
	Rank: 2
	Configured Memory Speed: 6400 MT/s
	Minimum Voltage: 1.1 V
	Maximum Voltage: 1.1 V
	Configured Voltage: 1.1 V
	Memory Technology: DRAM
	Memory Operating Mode Capability: Volatile memory
	Firmware Version: 0000 
	Module Manufacturer ID: Bank 1, Hex 0x2C
	Module Product ID: 0x2C00
	Memory Subsystem Controller Manufacturer ID: Unknown
	Memory Subsystem Controller Product ID: Unknown
	Non-Volatile Size: None
	Volatile Size: 96 GB
	Cache Size: None
	Logical Size: None

Handle 0x0007, DMI type 17, 92 bytes
Memory Device
	Array Handle: 0x0000
	Error Information Handle: Not Provided
	Total Width: 80 bits
	Data Width: 64 bits
	Size: 96 GB
	Form Factor: DIMM
	Set: None
	Locator: DIMM6
	Bank Locator: BANK 6
	Type: DDR5
	Type Detail: Synchronous Registered (Buffered)
	Speed: 6400 MT/s
	Manufacturer: Micron
	Serial Number: 802C0624394B337659
	Asset Tag: CPU0_DIMM_G_AssetTag
	Part Number: MTC40F204WS1RC64BB23          
	Rank: 2
	Configured Memory Speed: 6400 MT/s
	Minimum Voltage: 1.1 V
	Maximum Voltage: 1.1 V
	Configured Voltage: 1.1 V
	Memory Technology: DRAM
	Memory Operating Mode Capability: Volatile memory
	Firmware Version: 0000 
	Module Manufacturer ID: Bank 1, Hex 0x2C
	Module Product ID: 0x2C00
	Memory Subsystem Controller Manufacturer ID: Unknown
	Memory Subsystem Controller Product ID: Unknown
	Non-Volatile Size: None
	Volatile Size: 96 GB
	Cache Size: None
	Logical Size: None

Handle 0x0008, DMI type 17, 92 bytes
Memory Device
	Array Handle: 0x0000
	Error Information Handle: Not Provided
	Total Width: 80 bits
	Data Width: 64 bits
	Size: 96 GB
	Form Factor: DIMM
	Set: None
	Locator: DIMM7
	Bank Locator: BANK 7
	Type: DDR5
	Type Detail: Synchronous Registered (Buffered)
	Speed: 6400 MT/s
	Manufacturer: Micron
	Serial Number: 802C0624394B33769E
	Asset Tag: CPU0_DIMM_H_AssetTag
	Part Number: MTC40F204WS1RC64BB23          
	Rank: 2
	Configured Memory Speed: 6400 MT/s
	Minimum Voltage: 1.1 V
	Maximum Voltage: 1.1 V
	Configured Voltage: 1.1 V
	Memory Technology: DRAM
	Memory Operating Mode Capability: Volatile memory
	Firmware Version: 0000 
	Module Manufacturer ID: Bank 1, Hex 0x2C
	Module Product ID: 0x2C00
	Memory Subsystem Controller Manufacturer ID: Unknown
	Memory Subsystem Controller Product ID: Unknown
	Non-Volatile Size: None
	Volatile Size: 96 GB
	Cache Size: None
	Logical Size: None

Handle 0x0009, DMI type 17, 92 bytes
Memory Device
	Array Handle: 0x0000
	Error Information Handle: Not Provided
	Total Width: 80 bits
	Data Width: 64 bits
	Size: 96 GB
	Form Factor: DIMM
	Set: None
	Locator: DIMM8
	Bank Locator: BANK 8
	Type: DDR5
	Type Detail: Synchronous Registered (Buffered)
	Speed: 6400 MT/s
	Manufacturer: Micron
	Serial Number: 802C0624394B33791B
	Asset Tag: CPU0_DIMM_I_AssetTag
	Part Number: MTC40F204WS1RC64BB23          
	Rank: 2
	Configured Memory Speed: 6400 MT/s
	Minimum Voltage: 1.1 V
	Maximum Voltage: 1.1 V
	Configured Voltage: 1.1 V
	Memory Technology: DRAM
	Memory Operating Mode Capability: Volatile memory
	Firmware Version: 0000 
	Module Manufacturer ID: Bank 1, Hex 0x2C
	Module Product ID: 0x2C00
	Memory Subsystem Controller Manufacturer ID: Unknown
	Memory Subsystem Controller Product ID: Unknown
	Non-Volatile Size: None
	Volatile Size: 96 GB
	Cache Size: None
	Logical Size: None

Handle 0x000A, DMI type 17, 92 bytes
Memory Device
	Array Handle: 0x0000
	Error Information Handle: Not Provided
	Total Width: 80 bits
	Data Width: 64 bits
	Size: 96 GB
	Form Factor: DIMM
	Set: None
	Locator: DIMM9
	Bank Locator: BANK 9
	Type: DDR5
	Type Detail: Synchronous Registered (Buffered)
	Speed: 6400 MT/s
	Manufacturer: Micron
	Serial Number: 802C0624394B337790
	Asset Tag: CPU0_DIMM_J_AssetTag
	Part Number: MTC40F204WS1RC64BB23          
	Rank: 2
	Configured Memory Speed: 6400 MT/s
	Minimum Voltage: 1.1 V
	Maximum Voltage: 1.1 V
	Configured Voltage: 1.1 V
	Memory Technology: DRAM
	Memory Operating Mode Capability: Volatile memory
	Firmware Version: 0000 
	Module Manufacturer ID: Bank 1, Hex 0x2C
	Module Product ID: 0x2C00
	Memory Subsystem Controller Manufacturer ID: Unknown
	Memory Subsystem Controller Product ID: Unknown
	Non-Volatile Size: None
	Volatile Size: 96 GB
	Cache Size: None
	Logical Size: None

Handle 0x000B, DMI type 17, 92 bytes
Memory Device
	Array Handle: 0x0000
	Error Information Handle: Not Provided
	Total Width: 80 bits
	Data Width: 64 bits
	Size: 96 GB
	Form Factor: DIMM
	Set: None
	Locator: DIMM10
	Bank Locator: BANK 10
	Type: DDR5
	Type Detail: Synchronous Registered (Buffered)
	Speed: 6400 MT/s
	Manufacturer: Micron
	Serial Number: 802C0624394B337828
	Asset Tag: CPU0_DIMM_K_AssetTag
	Part Number: MTC40F204WS1RC64BB23          
	Rank: 2
	Configured Memory Speed: 6400 MT/s
	Minimum Voltage: 1.1 V
	Maximum Voltage: 1.1 V
	Configured Voltage: 1.1 V
	Memory Technology: DRAM
	Memory Operating Mode Capability: Volatile memory
	Firmware Version: 0000 
	Module Manufacturer ID: Bank 1, Hex 0x2C
	Module Product ID: 0x2C00
	Memory Subsystem Controller Manufacturer ID: Unknown
	Memory Subsystem Controller Product ID: Unknown
	Non-Volatile Size: None
	Volatile Size: 96 GB
	Cache Size: None
	Logical Size: None

Handle 0x000C, DMI type 17, 92 bytes
Memory Device
	Array Handle: 0x0000
	Error Information Handle: Not Provided
	Total Width: 80 bits
	Data Width: 64 bits
	Size: 96 GB
	Form Factor: DIMM
	Set: None
	Locator: DIMM11
	Bank Locator: BANK 11
	Type: DDR5
	Type Detail: Synchronous Registered (Buffered)
	Speed: 6400 MT/s
	Manufacturer: Micron
	Serial Number: 802C0624394B337793
	Asset Tag: CPU0_DIMM_L_AssetTag
	Part Number: MTC40F204WS1RC64BB23          
	Rank: 2
	Configured Memory Speed: 6400 MT/s
	Minimum Voltage: 1.1 V
	Maximum Voltage: 1.1 V
	Configured Voltage: 1.1 V
	Memory Technology: DRAM
	Memory Operating Mode Capability: Volatile memory
	Firmware Version: 0000 
	Module Manufacturer ID: Bank 1, Hex 0x2C
	Module Product ID: 0x2C00
	Memory Subsystem Controller Manufacturer ID: Unknown
	Memory Subsystem Controller Product ID: Unknown
	Non-Volatile Size: None
	Volatile Size: 96 GB
	Cache Size: None
	Logical Size: None

Handle 0x000D, DMI type 17, 92 bytes
Memory Device
	Array Handle: 0x0000
	Error Information Handle: Not Provided
	Total Width: 80 bits
	Data Width: 64 bits
	Size: 96 GB
	Form Factor: DIMM
	Set: None
	Locator: DIMM17
	Bank Locator: BANK 12
	Type: DDR5
	Type Detail: Synchronous Registered (Buffered)
	Speed: 6400 MT/s
	Manufacturer: Micron
	Serial Number: 802C0624384B00E2F9
	Asset Tag: CPU1_DIMM_A_AssetTag
	Part Number: MTC40F204WS1RC64BB23          
	Rank: 2
	Configured Memory Speed: 6400 MT/s
	Minimum Voltage: 1.1 V
	Maximum Voltage: 1.1 V
	Configured Voltage: 1.1 V
	Memory Technology: DRAM
	Memory Operating Mode Capability: Volatile memory
	Firmware Version: 0000 
	Module Manufacturer ID: Bank 1, Hex 0x2C
	Module Product ID: 0x2C00
	Memory Subsystem Controller Manufacturer ID: Unknown
	Memory Subsystem Controller Product ID: Unknown
	Non-Volatile Size: None
	Volatile Size: 96 GB
	Cache Size: None
	Logical Size: None

Handle 0x000E, DMI type 17, 92 bytes
Memory Device
	Array Handle: 0x0000
	Error Information Handle: Not Provided
	Total Width: 80 bits
	Data Width: 64 bits
	Size: 96 GB
	Form Factor: DIMM
	Set: None
	Locator: DIMM16
	Bank Locator: BANK 13
	Type: DDR5
	Type Detail: Synchronous Registered (Buffered)
	Speed: 6400 MT/s
	Manufacturer: Micron
	Serial Number: 802C0624384B00E317
	Asset Tag: CPU1_DIMM_B_AssetTag
	Part Number: MTC40F204WS1RC64BB23          
	Rank: 2
	Configured Memory Speed: 6400 MT/s
	Minimum Voltage: 1.1 V
	Maximum Voltage: 1.1 V
	Configured Voltage: 1.1 V
	Memory Technology: DRAM
	Memory Operating Mode Capability: Volatile memory
	Firmware Version: 0000 
	Module Manufacturer ID: Bank 1, Hex 0x2C
	Module Product ID: 0x2C00
	Memory Subsystem Controller Manufacturer ID: Unknown
	Memory Subsystem Controller Product ID: Unknown
	Non-Volatile Size: None
	Volatile Size: 96 GB
	Cache Size: None
	Logical Size: None

Handle 0x000F, DMI type 17, 92 bytes
Memory Device
	Array Handle: 0x0000
	Error Information Handle: Not Provided
	Total Width: 80 bits
	Data Width: 64 bits
	Size: 96 GB
	Form Factor: DIMM
	Set: None
	Locator: DIMM15
	Bank Locator: BANK 14
	Type: DDR5
	Type Detail: Synchronous Registered (Buffered)
	Speed: 6400 MT/s
	Manufacturer: Micron
	Serial Number: 802C0624394B332E1D
	Asset Tag: CPU1_DIMM_C_AssetTag
	Part Number: MTC40F204WS1RC64BB23          
	Rank: 2
	Configured Memory Speed: 6400 MT/s
	Minimum Voltage: 1.1 V
	Maximum Voltage: 1.1 V
	Configured Voltage: 1.1 V
	Memory Technology: DRAM
	Memory Operating Mode Capability: Volatile memory
	Firmware Version: 0000 
	Module Manufacturer ID: Bank 1, Hex 0x2C
	Module Product ID: 0x2C00
	Memory Subsystem Controller Manufacturer ID: Unknown
	Memory Subsystem Controller Product ID: Unknown
	Non-Volatile Size: None
	Volatile Size: 96 GB
	Cache Size: None
	Logical Size: None

Handle 0x0010, DMI type 17, 92 bytes
Memory Device
	Array Handle: 0x0000
	Error Information Handle: Not Provided
	Total Width: 80 bits
	Data Width: 64 bits
	Size: 96 GB
	Form Factor: DIMM
	Set: None
	Locator: DIMM14
	Bank Locator: BANK 15
	Type: DDR5
	Type Detail: Synchronous Registered (Buffered)
	Speed: 6400 MT/s
	Manufacturer: Micron
	Serial Number: 802C0624394B333080
	Asset Tag: CPU1_DIMM_D_AssetTag
	Part Number: MTC40F204WS1RC64BB23          
	Rank: 2
	Configured Memory Speed: 6400 MT/s
	Minimum Voltage: 1.1 V
	Maximum Voltage: 1.1 V
	Configured Voltage: 1.1 V
	Memory Technology: DRAM
	Memory Operating Mode Capability: Volatile memory
	Firmware Version: 0000 
	Module Manufacturer ID: Bank 1, Hex 0x2C
	Module Product ID: 0x2C00
	Memory Subsystem Controller Manufacturer ID: Unknown
	Memory Subsystem Controller Product ID: Unknown
	Non-Volatile Size: None
	Volatile Size: 96 GB
	Cache Size: None
	Logical Size: None

Handle 0x0011, DMI type 17, 92 bytes
Memory Device
	Array Handle: 0x0000
	Error Information Handle: Not Provided
	Total Width: 80 bits
	Data Width: 64 bits
	Size: 96 GB
	Form Factor: DIMM
	Set: None
	Locator: DIMM13
	Bank Locator: BANK 16
	Type: DDR5
	Type Detail: Synchronous Registered (Buffered)
	Speed: 6400 MT/s
	Manufacturer: Micron
	Serial Number: 802C0624394B335ED5
	Asset Tag: CPU1_DIMM_E_AssetTag
	Part Number: MTC40F204WS1RC64BB23          
	Rank: 2
	Configured Memory Speed: 6400 MT/s
	Minimum Voltage: 1.1 V
	Maximum Voltage: 1.1 V
	Configured Voltage: 1.1 V
	Memory Technology: DRAM
	Memory Operating Mode Capability: Volatile memory
	Firmware Version: 0000 
	Module Manufacturer ID: Bank 1, Hex 0x2C
	Module Product ID: 0x2C00
	Memory Subsystem Controller Manufacturer ID: Unknown
	Memory Subsystem Controller Product ID: Unknown
	Non-Volatile Size: None
	Volatile Size: 96 GB
	Cache Size: None
	Logical Size: None

Handle 0x0012, DMI type 17, 92 bytes
Memory Device
	Array Handle: 0x0000
	Error Information Handle: Not Provided
	Total Width: 80 bits
	Data Width: 64 bits
	Size: 96 GB
	Form Factor: DIMM
	Set: None
	Locator: DIMM12
	Bank Locator: BANK 17
	Type: DDR5
	Type Detail: Synchronous Registered (Buffered)
	Speed: 6400 MT/s
	Manufacturer: Micron
	Serial Number: 802C0624394B335E0C
	Asset Tag: CPU1_DIMM_F_AssetTag
	Part Number: MTC40F204WS1RC64BB23          
	Rank: 2
	Configured Memory Speed: 6400 MT/s
	Minimum Voltage: 1.1 V
	Maximum Voltage: 1.1 V
	Configured Voltage: 1.1 V
	Memory Technology: DRAM
	Memory Operating Mode Capability: Volatile memory
	Firmware Version: 0000 
	Module Manufacturer ID: Bank 1, Hex 0x2C
	Module Product ID: 0x2C00
	Memory Subsystem Controller Manufacturer ID: Unknown
	Memory Subsystem Controller Product ID: Unknown
	Non-Volatile Size: None
	Volatile Size: 96 GB
	Cache Size: None
	Logical Size: None

Handle 0x0013, DMI type 17, 92 bytes
Memory Device
	Array Handle: 0x0000
	Error Information Handle: Not Provided
	Total Width: 80 bits
	Data Width: 64 bits
	Size: 96 GB
	Form Factor: DIMM
	Set: None
	Locator: DIMM18
	Bank Locator: BANK 18
	Type: DDR5
	Type Detail: Synchronous Registered (Buffered)
	Speed: 6400 MT/s
	Manufacturer: Micron
	Serial Number: 802C0624384B00E32F
	Asset Tag: CPU1_DIMM_G_AssetTag
	Part Number: MTC40F204WS1RC64BB23          
	Rank: 2
	Configured Memory Speed: 6400 MT/s
	Minimum Voltage: 1.1 V
	Maximum Voltage: 1.1 V
	Configured Voltage: 1.1 V
	Memory Technology: DRAM
	Memory Operating Mode Capability: Volatile memory
	Firmware Version: 0000 
	Module Manufacturer ID: Bank 1, Hex 0x2C
	Module Product ID: 0x2C00
	Memory Subsystem Controller Manufacturer ID: Unknown
	Memory Subsystem Controller Product ID: Unknown
	Non-Volatile Size: None
	Volatile Size: 96 GB
	Cache Size: None
	Logical Size: None

Handle 0x0014, DMI type 17, 92 bytes
Memory Device
	Array Handle: 0x0000
	Error Information Handle: Not Provided
	Total Width: 80 bits
	Data Width: 64 bits
	Size: 96 GB
	Form Factor: DIMM
	Set: None
	Locator: DIMM19
	Bank Locator: BANK 19
	Type: DDR5
	Type Detail: Synchronous Registered (Buffered)
	Speed: 6400 MT/s
	Manufacturer: Micron
	Serial Number: 802C0624384B00E2FE
	Asset Tag: CPU1_DIMM_H_AssetTag
	Part Number: MTC40F204WS1RC64BB23          
	Rank: 2
	Configured Memory Speed: 6400 MT/s
	Minimum Voltage: 1.1 V
	Maximum Voltage: 1.1 V
	Configured Voltage: 1.1 V
	Memory Technology: DRAM
	Memory Operating Mode Capability: Volatile memory
	Firmware Version: 0000 
	Module Manufacturer ID: Bank 1, Hex 0x2C
	Module Product ID: 0x2C00
	Memory Subsystem Controller Manufacturer ID: Unknown
	Memory Subsystem Controller Product ID: Unknown
	Non-Volatile Size: None
	Volatile Size: 96 GB
	Cache Size: None
	Logical Size: None

Handle 0x0015, DMI type 17, 92 bytes
Memory Device
	Array Handle: 0x0000
	Error Information Handle: Not Provided
	Total Width: 80 bits
	Data Width: 64 bits
	Size: 96 GB
	Form Factor: DIMM
	Set: None
	Locator: DIMM20
	Bank Locator: BANK 20
	Type: DDR5
	Type Detail: Synchronous Registered (Buffered)
	Speed: 6400 MT/s
	Manufacturer: Micron
	Serial Number: 802C0624384B00C4A5
	Asset Tag: CPU1_DIMM_I_AssetTag
	Part Number: MTC40F204WS1RC64BB23          
	Rank: 2
	Configured Memory Speed: 6400 MT/s
	Minimum Voltage: 1.1 V
	Maximum Voltage: 1.1 V
	Configured Voltage: 1.1 V
	Memory Technology: DRAM
	Memory Operating Mode Capability: Volatile memory
	Firmware Version: 0000 
	Module Manufacturer ID: Bank 1, Hex 0x2C
	Module Product ID: 0x2C00
	Memory Subsystem Controller Manufacturer ID: Unknown
	Memory Subsystem Controller Product ID: Unknown
	Non-Volatile Size: None
	Volatile Size: 96 GB
	Cache Size: None
	Logical Size: None

Handle 0x0016, DMI type 17, 92 bytes
Memory Device
	Array Handle: 0x0000
	Error Information Handle: Not Provided
	Total Width: 80 bits
	Data Width: 64 bits
	Size: 96 GB
	Form Factor: DIMM
	Set: None
	Locator: DIMM21
	Bank Locator: BANK 21
	Type: DDR5
	Type Detail: Synchronous Registered (Buffered)
	Speed: 6400 MT/s
	Manufacturer: Micron
	Serial Number: 802C0624384B00C350
	Asset Tag: CPU1_DIMM_J_AssetTag
	Part Number: MTC40F204WS1RC64BB23          
	Rank: 2
	Configured Memory Speed: 6400 MT/s
	Minimum Voltage: 1.1 V
	Maximum Voltage: 1.1 V
	Configured Voltage: 1.1 V
	Memory Technology: DRAM
	Memory Operating Mode Capability: Volatile memory
	Firmware Version: 0000 
	Module Manufacturer ID: Bank 1, Hex 0x2C
	Module Product ID: 0x2C00
	Memory Subsystem Controller Manufacturer ID: Unknown
	Memory Subsystem Controller Product ID: Unknown
	Non-Volatile Size: None
	Volatile Size: 96 GB
	Cache Size: None
	Logical Size: None

Handle 0x0017, DMI type 17, 92 bytes
Memory Device
	Array Handle: 0x0000
	Error Information Handle: Not Provided
	Total Width: 80 bits
	Data Width: 64 bits
	Size: 96 GB
	Form Factor: DIMM
	Set: None
	Locator: DIMM22
	Bank Locator: BANK 22
	Type: DDR5
	Type Detail: Synchronous Registered (Buffered)
	Speed: 6400 MT/s
	Manufacturer: Micron
	Serial Number: 802C0624384B00E2C3
	Asset Tag: CPU1_DIMM_K_AssetTag
	Part Number: MTC40F204WS1RC64BB23          
	Rank: 2
	Configured Memory Speed: 6400 MT/s
	Minimum Voltage: 1.1 V
	Maximum Voltage: 1.1 V
	Configured Voltage: 1.1 V
	Memory Technology: DRAM
	Memory Operating Mode Capability: Volatile memory
	Firmware Version: 0000 
	Module Manufacturer ID: Bank 1, Hex 0x2C
	Module Product ID: 0x2C00
	Memory Subsystem Controller Manufacturer ID: Unknown
	Memory Subsystem Controller Product ID: Unknown
	Non-Volatile Size: None
	Volatile Size: 96 GB
	Cache Size: None
	Logical Size: None

Handle 0x0018, DMI type 17, 92 bytes
Memory Device
	Array Handle: 0x0000
	Error Information Handle: Not Provided
	Total Width: 80 bits
	Data Width: 64 bits
	Size: 96 GB
	Form Factor: DIMM
	Set: None
	Locator: DIMM23
	Bank Locator: BANK 23
	Type: DDR5
	Type Detail: Synchronous Registered (Buffered)
	Speed: 6400 MT/s
	Manufacturer: Micron
	Serial Number: 802C0624384B00E2C4
	Asset Tag: CPU1_DIMM_L_AssetTag
	Part Number: MTC40F204WS1RC64BB23          
	Rank: 2
	Configured Memory Speed: 6400 MT/s
	Minimum Voltage: 1.1 V
	Maximum Voltage: 1.1 V
	Configured Voltage: 1.1 V
	Memory Technology: DRAM
	Memory Operating Mode Capability: Volatile memory
	Firmware Version: 0000 
	Module Manufacturer ID: Bank 1, Hex 0x2C
	Module Product ID: 0x2C00
	Memory Subsystem Controller Manufacturer ID: Unknown
	Memory Subsystem Controller Product ID: Unknown
	Non-Volatile Size: None
	Volatile Size: 96 GB
	Cache Size: None
	Logical Size: None

Handle 0x0019, DMI type 215, 128 bytes
OEM-specific Type
	Header and Data:
		D7 80 19 00 18 00 00 00 01 00 20 39 24 02 00 20
		39 24 03 00 20 39 24 04 00 20 39 24 05 00 20 39
		24 06 00 20 39 24 07 00 20 39 24 08 00 20 39 24
		09 00 20 39 24 0A 00 20 39 24 0B 00 20 39 24 0C
		00 20 39 24 0D 00 20 38 24 0E 00 20 38 24 0F 00
		20 39 24 10 00 20 39 24 11 00 20 39 24 12 00 20
		39 24 13 00 20 38 24 14 00 20 38 24 15 00 20 38
		24 16 00 20 38 24 17 00 20 38 24 18 00 20 38 24

Handle 0x001A, DMI type 19, 31 bytes
Memory Array Mapped Address
	Starting Address: 0x00000000000
	Ending Address: 0x0007FFFFFFF
	Range Size: 2 GB
	Physical Array Handle: 0x0000
	Partition Width: 4

Handle 0x001B, DMI type 19, 31 bytes
Memory Array Mapped Address
	Starting Address: 0x00100000000
	Ending Address: 0x0607FFFFFFF
	Range Size: 382 GB
	Physical Array Handle: 0x0000
	Partition Width: 4

Handle 0x001C, DMI type 19, 31 bytes
Memory Array Mapped Address
	Starting Address: 0x0C080000000
	Ending Address: 0x1207FFFFFFF
	Range Size: 384 GB
	Physical Array Handle: 0x0000
	Partition Width: 4

Handle 0x001D, DMI type 19, 31 bytes
Memory Array Mapped Address
	Starting Address: 0x18080000000
	Ending Address: 0x1E07FFFFFFF
	Range Size: 384 GB
	Physical Array Handle: 0x0000
	Partition Width: 4

Handle 0x001E, DMI type 19, 31 bytes
Memory Array Mapped Address
	Starting Address: 0x06080000000
	Ending Address: 0x0C07FFFFFFF
	Range Size: 384 GB
	Physical Array Handle: 0x0000
	Partition Width: 4

Handle 0x001F, DMI type 19, 31 bytes
Memory Array Mapped Address
	Starting Address: 0x12080000000
	Ending Address: 0x1807FFFFFFF
	Range Size: 384 GB
	Physical Array Handle: 0x0000
	Partition Width: 4

Handle 0x0020, DMI type 19, 31 bytes
Memory Array Mapped Address
	Starting Address: 0x1E080000000
	Ending Address: 0x2407FFFFFFF
	Range Size: 384 GB
	Physical Array Handle: 0x0000
	Partition Width: 4

Handle 0x0021, DMI type 0, 26 bytes
BIOS Information
	Vendor: Quanta + Google
	Version: 0.20250315.0-22
	Release Date: 03/15/2025
	ROM Size: 38 MB
	Characteristics:
		PCI is supported
		PNP is supported
		BIOS is upgradeable
		BIOS shadowing is allowed
		Boot from CD is supported
		Selectable boot is supported
		EDD is supported
		5.25"/1.2 MB floppy services are supported (int 13h)
		3.5"/720 kB floppy services are supported (int 13h)
		3.5"/2.88 MB floppy services are supported (int 13h)
		Print screen service is supported (int 5h)
		8042 keyboard services are supported (int 9h)
		Serial services are supported (int 14h)
		Printer services are supported (int 17h)
		CGA/mono video services are supported (int 10h)
		ACPI is supported
		USB legacy is supported
		LS-120 boot is supported
		ATAPI Zip drive boot is supported
		Function key-initiated network boot is supported
		Targeted content distribution is supported
		UEFI is supported
		Manufacturing mode is supported

Handle 0x0022, DMI type 1, 27 bytes
System Information
	Manufacturer: Google
	Product Name: Google Compute Engine
	Version: 1.0
	Serial Number: GoogleCloud-BM-CAACFE0FEF45F1C488BD375AFA71ED25
	UUID: caacfe0f-ef45-f1c4-88bd-375afa71ed25
	Wake-up Type: Power Switch
	SKU Number: Not Specified
	Family: Not Specified

Handle 0x0025, DMI type 11, 5 bytes
OEM Strings
	String 1: To Be Filled By O.E.M.

Handle 0x0026, DMI type 12, 5 bytes
System Configuration Options
	Option 1: To Be Filled By O.E.M.

Handle 0x0027, DMI type 13, 22 bytes
BIOS Language Information
	Language Description Format: Abbreviated
	Installable Languages: 1
		enUS
	Currently Installed Language: enUS

Handle 0x1000, DMI type 27, 15 bytes
Cooling Device
	Temperature Probe Handle: 0x1001
	Type: Fan
	Status: OK
	Cooling Unit Group: 1
	OEM-specific Information: 0x00000000
	Nominal Speed: Unknown Or Non-rotating
	Description: UNKNOWN

Handle 0x1001, DMI type 28, 22 bytes
Temperature Probe
	Description: LM78A
	Location: Unknown
	Status: Unknown
	Maximum Value: Unknown
	Minimum Value: Unknown
	Resolution: Unknown
	Tolerance: Unknown
	Accuracy: Unknown
	OEM-specific Information: 0x00000000
	Nominal Value: Unknown

Handle 0x1002, DMI type 34, 11 bytes
Management Device
	Description: UNKNOWN
	Type: Unknown
	Address: 0x00000000
	Address Type: Unknown

Handle 0x002A, DMI type 35, 11 bytes
Management Device Component
	Description: To Be Filled By O.E.M.
	Management Device Handle: 0x1002
	Component Handle: 0x1000
	Threshold Handle: 0x1003

Handle 0x1003, DMI type 36, 16 bytes
Management Device Threshold Data

Handle 0x002D, DMI type 133, 12 bytes
OEM-specific Type
	Header and Data:
		85 0C 2D 00 00 20 12 77 00 40 00 00

Handle 0x002E, DMI type 7, 27 bytes
Cache Information
	Socket Designation: L1-Cache
	Configuration: Enabled, Not Socketed, Level 1
	Operational Mode: Write Back
	Location: Internal
	Installed Size: 8064 kB
	Maximum Size: 8064 kB
	Supported SRAM Types:
		Synchronous
	Installed SRAM Type: Synchronous
	Speed: Unknown
	Error Correction Type: Single-bit ECC
	System Type: Unified
	Associativity: 12-way Set-associative

Handle 0x002F, DMI type 7, 27 bytes
Cache Information
	Socket Designation: L2-Cache
	Configuration: Enabled, Not Socketed, Level 2
	Operational Mode: Varies With Memory Address
	Location: Internal
	Installed Size: 144 MB
	Maximum Size: 144 MB
	Supported SRAM Types:
		Synchronous
	Installed SRAM Type: Synchronous
	Speed: Unknown
	Error Correction Type: Single-bit ECC
	System Type: Unified
	Associativity: 16-way Set-associative

Handle 0x0030, DMI type 7, 27 bytes
Cache Information
	Socket Designation: L3-Cache
	Configuration: Enabled, Not Socketed, Level 3
	Operational Mode: Varies With Memory Address
	Location: Internal
	Installed Size: 504 MB
	Maximum Size: 504 MB
	Supported SRAM Types:
		Synchronous
	Installed SRAM Type: Synchronous
	Speed: Unknown
	Error Correction Type: Single-bit ECC
	System Type: Unified
	Associativity: 16-way Set-associative

Handle 0x0031, DMI type 4, 50 bytes
Processor Information
	Socket Designation: CPU0
	Type: Central Processor
	Family: Xeon
	Manufacturer: Intel(R) Corporation
	ID: D1 06 0A 00 FF FB EB BF
	Signature: Type 0, Family 6, Model 173, Stepping 1
	Flags:
		FPU (Floating-point unit on-chip)
		VME (Virtual mode extension)
		DE (Debugging extension)
		PSE (Page size extension)
		TSC (Time stamp counter)
		MSR (Model specific registers)
		PAE (Physical address extension)
		MCE (Machine check exception)
		CX8 (CMPXCHG8 instruction supported)
		APIC (On-chip APIC hardware supported)
		SEP (Fast system call)
		MTRR (Memory type range registers)
		PGE (Page global enable)
		MCA (Machine check architecture)
		CMOV (Conditional move instruction supported)
		PAT (Page attribute table)
		PSE-36 (36-bit page size extension)
		CLFSH (CLFLUSH instruction supported)
		DS (Debug store)
		ACPI (ACPI supported)
		MMX (MMX technology supported)
		FXSR (FXSAVE and FXSTOR instructions supported)
		SSE (Streaming SIMD extensions)
		SSE2 (Streaming SIMD extensions 2)
		SS (Self-snoop)
		HTT (Multi-threading)
		TM (Thermal monitor supported)
		PBE (Pending break enabled)
	Version: Intel(R) Xeon(R) 6985P-C
	Voltage: 0.0 V
	External Clock: 100 MHz
	Max Speed: 4200 MHz
	Current Speed: 3000 MHz
	Status: Populated, Enabled
	Upgrade: <OUT OF SPEC>
	L1 Cache Handle: 0x002E
	L2 Cache Handle: 0x002F
	L3 Cache Handle: 0x0030
	Serial Number: Not Specified
	Asset Tag: UNKNOWN
	Part Number: Not Specified
	Core Count: 72
	Core Enabled: 72
	Thread Count: 144
	Characteristics:
		64-bit capable
		Multi-Core
		Hardware Thread
		Execute Protection
		Enhanced Virtualization
		Power/Performance Control

Handle 0x0032, DMI type 7, 27 bytes
Cache Information
	Socket Designation: L1-Cache
	Configuration: Enabled, Not Socketed, Level 1
	Operational Mode: Write Back
	Location: Internal
	Installed Size: 8064 kB
	Maximum Size: 8064 kB
	Supported SRAM Types:
		Synchronous
	Installed SRAM Type: Synchronous
	Speed: Unknown
	Error Correction Type: Single-bit ECC
	System Type: Unified
	Associativity: 12-way Set-associative

Handle 0x0033, DMI type 7, 27 bytes
Cache Information
	Socket Designation: L2-Cache
	Configuration: Enabled, Not Socketed, Level 2
	Operational Mode: Varies With Memory Address
	Location: Internal
	Installed Size: 144 MB
	Maximum Size: 144 MB
	Supported SRAM Types:
		Synchronous
	Installed SRAM Type: Synchronous
	Speed: Unknown
	Error Correction Type: Single-bit ECC
	System Type: Unified
	Associativity: 16-way Set-associative

Handle 0x0034, DMI type 7, 27 bytes
Cache Information
	Socket Designation: L3-Cache
	Configuration: Enabled, Not Socketed, Level 3
	Operational Mode: Varies With Memory Address
	Location: Internal
	Installed Size: 504 MB
	Maximum Size: 504 MB
	Supported SRAM Types:
		Synchronous
	Installed SRAM Type: Synchronous
	Speed: Unknown
	Error Correction Type: Single-bit ECC
	System Type: Unified
	Associativity: 16-way Set-associative

Handle 0x0035, DMI type 4, 50 bytes
Processor Information
	Socket Designation: CPU1
	Type: Central Processor
	Family: Xeon
	Manufacturer: Intel(R) Corporation
	ID: D1 06 0A 00 FF FB EB BF
	Signature: Type 0, Family 6, Model 173, Stepping 1
	Flags:
		FPU (Floating-point unit on-chip)
		VME (Virtual mode extension)
		DE (Debugging extension)
		PSE (Page size extension)
		TSC (Time stamp counter)
		MSR (Model specific registers)
		PAE (Physical address extension)
		MCE (Machine check exception)
		CX8 (CMPXCHG8 instruction supported)
		APIC (On-chip APIC hardware supported)
		SEP (Fast system call)
		MTRR (Memory type range registers)
		PGE (Page global enable)
		MCA (Machine check architecture)
		CMOV (Conditional move instruction supported)
		PAT (Page attribute table)
		PSE-36 (36-bit page size extension)
		CLFSH (CLFLUSH instruction supported)
		DS (Debug store)
		ACPI (ACPI supported)
		MMX (MMX technology supported)
		FXSR (FXSAVE and FXSTOR instructions supported)
		SSE (Streaming SIMD extensions)
		SSE2 (Streaming SIMD extensions 2)
		SS (Self-snoop)
		HTT (Multi-threading)
		TM (Thermal monitor supported)
		PBE (Pending break enabled)
	Version: Intel(R) Xeon(R) 6985P-C
	Voltage: 0.0 V
	External Clock: 100 MHz
	Max Speed: 4200 MHz
	Current Speed: 3000 MHz
	Status: Populated, Enabled
	Upgrade: <OUT OF SPEC>
	L1 Cache Handle: 0x0032
	L2 Cache Handle: 0x0033
	L3 Cache Handle: 0x0034
	Serial Number: Not Specified
	Asset Tag: UNKNOWN
	Part Number: Not Specified
	Core Count: 72
	Core Enabled: 72
	Thread Count: 144
	Characteristics:
		64-bit capable
		Multi-Core
		Hardware Thread
		Execute Protection
		Enhanced Virtualization
		Power/Performance Control

Handle 0x0029, DMI type 32, 15 bytes
System Boot Information
	Status: OEM-specific

Handle 0x0036, DMI type 168, 47 bytes
OEM-specific Type
	Header and Data:
		A8 2F 36 00 01 00 01 02 05 00 03 D8 02 40 04 00
		7E F8 83 02 00 00 00 00 00 00 00 00 00 00 00 00
		FF 03 0A 06 00 00 FF FF FF FF 20 00 01 1F 00
	Strings:
		Member: OTA General Information

Handle 0x0037, DMI type 14, 8 bytes
Group Associations
	Name: Group: One Touch Activation (OTA)
	Items: 1
		0x0036 (OEM-specific)

Handle 0x0038, DMI type 134, 28 bytes
OEM-specific Type
	Header and Data:
		86 1C 38 00 04 00 01 00 80 03 00 01 24 20 09 12
		D1 06 0A 00 95 00 00 00 FF FF 00 00

Handle 0x0039, DMI type 8, 9 bytes
Port Connector Information
	Internal Reference Designator: J1051
	Internal Connector Type: RJ-45
	External Reference Designator: 1G_LAN
	External Connector Type: RJ-45
	Port Type: Network Port

Handle 0x003A, DMI type 8, 9 bytes
Port Connector Information
	Internal Reference Designator: J1050
	Internal Connector Type: RJ-45
	External Reference Designator: CPU0_CONSOLE
	External Connector Type: RJ-45
	Port Type: Serial Port 16550A Compatible

Handle 0x003B, DMI type 8, 9 bytes
Port Connector Information
	Internal Reference Designator: J6004
	Internal Connector Type: Other
	External Reference Designator: PORT80
	External Connector Type: Other
	Port Type: Other

Handle 0x003C, DMI type 8, 9 bytes
Port Connector Information
	Internal Reference Designator: J24
	Internal Connector Type: Other
	External Reference Designator: UART_BMC
	External Connector Type: Other
	Port Type: Other

Handle 0x003D, DMI type 8, 9 bytes
Port Connector Information
	Internal Reference Designator: J1005
	Internal Connector Type: Other
	External Reference Designator: SEQ_DBG
	External Connector Type: Other
	Port Type: Other

Handle 0x003E, DMI type 8, 9 bytes
Port Connector Information
	Internal Reference Designator: J1007
	Internal Connector Type: Other
	External Reference Designator: JTAG_BMC
	External Connector Type: Other
	Port Type: Other

Handle 0x003F, DMI type 8, 9 bytes
Port Connector Information
	Internal Reference Designator: J194
	Internal Connector Type: Access Bus (USB)
	External Reference Designator: DBG_USB
	External Connector Type: Access Bus (USB)
	Port Type: USB

Handle 0x0040, DMI type 8, 9 bytes
Port Connector Information
	Internal Reference Designator: J70
	Internal Connector Type: Other
	External Reference Designator: UART_CPU0
	External Connector Type: Other
	Port Type: Other

Handle 0x0041, DMI type 8, 9 bytes
Port Connector Information
	Internal Reference Designator: J82
	Internal Connector Type: Other
	External Reference Designator: JTAG_CPLD
	External Connector Type: Other
	Port Type: Other

Handle 0x0042, DMI type 8, 9 bytes
Port Connector Information
	Internal Reference Designator: J1
	Internal Connector Type: Other
	External Reference Designator: NCSI
	External Connector Type: Other
	Port Type: Network Port

Handle 0x0043, DMI type 8, 9 bytes
Port Connector Information
	Internal Reference Designator: J99
	Internal Connector Type: Other
	External Reference Designator: MIPI60
	External Connector Type: Other
	Port Type: Other

Handle 0x0044, DMI type 9, 24 bytes
System Slot Information
	Designation: PE0
	Type: x16 PCI Express 5 x16
	Current Usage: In Use
	Length: Long
	ID: 9
	Characteristics:
		3.3 V is provided
		PME signal is supported
		SMBus signal is supported
		Flexbus slot, CXL 1.0 capable
		Flexbus slot, CXL 2.0 capable
	Bus Address: 0000:3e:02.0
	Data Bus Width: 16
	Peer Devices: 0
	PCI Express Generation: 5
	Slot Physical Width: x16
	Height: Unknown

Handle 0x0045, DMI type 9, 24 bytes
System Slot Information
	Designation: PE1
	Type: x16 PCI Express 5 x16
	Current Usage: Available
	Length: Long
	ID: 1
	Characteristics:
		3.3 V is provided
		PME signal is supported
		SMBus signal is supported
		Flexbus slot, CXL 1.0 capable
		Flexbus slot, CXL 2.0 capable
	Bus Address: 0000:14:02.0
	Data Bus Width: 0
	Peer Devices: 0
	PCI Express Generation: 5
	Slot Physical Width: x16
	Height: Unknown

Handle 0x0046, DMI type 9, 24 bytes
System Slot Information
	Designation: PE2
	Type: x16 PCI Express 5 x16
	Current Usage: Available
	Length: Long
	ID: 5
	Characteristics:
		3.3 V is provided
		PME signal is supported
		SMBus signal is supported
		Flexbus slot, CXL 1.0 capable
		Flexbus slot, CXL 2.0 capable
	Bus Address: 0000:29:02.0
	Data Bus Width: 0
	Peer Devices: 0
	PCI Express Generation: 5
	Slot Physical Width: x16
	Height: Unknown

Handle 0x0047, DMI type 9, 24 bytes
System Slot Information
	Designation: PE3
	Type: x16 PCI Express 5 x16
	Current Usage: Available
	Length: Long
	ID: 13
	Characteristics:
		3.3 V is provided
		PME signal is supported
		SMBus signal is supported
		Flexbus slot, CXL 1.0 capable
		Flexbus slot, CXL 2.0 capable
	Bus Address: 0000:53:02.0
	Data Bus Width: 0
	Peer Devices: 0
	PCI Express Generation: 5
	Slot Physical Width: x16
	Height: Unknown

Handle 0x0048, DMI type 9, 24 bytes
System Slot Information
	Designation: PE4
	Type: x16 PCI Express 5 x16
	Current Usage: Available
	Length: Long
	ID: 37
	Characteristics:
		3.3 V is provided
		PME signal is supported
		SMBus signal is supported
		Flexbus slot, CXL 1.0 capable
		Flexbus slot, CXL 2.0 capable
	Bus Address: 0000:be:02.0
	Data Bus Width: 0
	Peer Devices: 0
	PCI Express Generation: 5
	Slot Physical Width: x16
	Height: Unknown

Handle 0x0049, DMI type 9, 24 bytes
System Slot Information
	Designation: PE5
	Type: x16 PCI Express 5 x16
	Current Usage: Available
	Length: Long
	ID: 29
	Characteristics:
		3.3 V is provided
		PME signal is supported
		SMBus signal is supported
		Flexbus slot, CXL 1.0 capable
		Flexbus slot, CXL 2.0 capable
	Bus Address: 0000:94:02.0
	Data Bus Width: 0
	Peer Devices: 0
	PCI Express Generation: 5
	Slot Physical Width: x16
	Height: Unknown

Handle 0x004A, DMI type 9, 24 bytes
System Slot Information
	Designation: PE6
	Type: x16 PCI Express 5 x16
	Current Usage: Available
	Length: Long
	ID: 33
	Characteristics:
		3.3 V is provided
		PME signal is supported
		SMBus signal is supported
		Flexbus slot, CXL 1.0 capable
		Flexbus slot, CXL 2.0 capable
	Bus Address: 0000:a9:02.0
	Data Bus Width: 0
	Peer Devices: 0
	PCI Express Generation: 5
	Slot Physical Width: x16
	Height: Unknown

Handle 0x004B, DMI type 9, 24 bytes
System Slot Information
	Designation: PE7
	Type: x16 PCI Express 5 x16
	Current Usage: Available
	Length: Long
	ID: 41
	Characteristics:
		3.3 V is provided
		PME signal is supported
		SMBus signal is supported
		Flexbus slot, CXL 1.0 capable
		Flexbus slot, CXL 2.0 capable
	Bus Address: 0000:d3:02.0
	Data Bus Width: 0
	Peer Devices: 0
	PCI Express Generation: 5
	Slot Physical Width: x16
	Height: Unknown

Handle 0x004C, DMI type 9, 24 bytes
System Slot Information
	Designation: DC_SCM
	Type: Proprietary
	Current Usage: In Use
	Length: Long
	Characteristics:
		3.3 V is provided
		PME signal is supported
		SMBus signal is supported
	Bus Address: 00af:ff:1f.7
	Data Bus Width: 0
	Peer Devices: 0
	Height: Unknown

Handle 0x004D, DMI type 9, 24 bytes
System Slot Information
	Designation: M2_0
	Type: x4 M.2 Socket 3
	Current Usage: Available
	Length: Long
	Characteristics:
		3.3 V is provided
		PME signal is supported
		SMBus signal is supported
	Bus Address: 0000:68:02.0
	Data Bus Width: 0
	Peer Devices: 0
	Height: Unknown

Handle 0x004E, DMI type 41, 11 bytes
Onboard Device
	Reference Designation: NPCM840G
	Type: Other
	Status: Enabled
	Type Instance: 1
	Bus Address: 0000:ff:1f.7

Handle 0x0023, DMI type 2, 91 bytes
Base Board Information
	Manufacturer: Google
	Product Name: imperia
	Version: PVT
	Serial Number: Board-GoogleCloud-BM-CAACFE0FEF45F1C488BD375AFA71ED25
	Asset Tag: CAACFE0F-EF45-F1C4-88BD-375AFA71ED25
	Features:
		Board is a hosting board
		Board is replaceable
	Location In Chassis: /phys:device:fru_eeprom
	Chassis Handle: 0x0024
	Type: Motherboard
	Contained Object Handles: 38
		0x0031
		0x0035
		0x0001
		0x0002
		0x0003
		0x0004
		0x0005
		0x0006
		0x0007
		0x0008
		0x0009
		0x000A
		0x000B
		0x000C
		0x000D
		0x000E
		0x000F
		0x0010
		0x0011
		0x0012
		0x0013
		0x0014
		0x0015
		0x0016
		0x0017
		0x0018
		0x0044
		0x0045
		0x0046
		0x0047
		0x0048
		0x0049
		0x004A
		0x004B
		0x004C
		0x004D
		0x0085
		0x0042

Handle 0x0050, DMI type 14, 8 bytes
Group Associations
	Name: imc2
	Items: 1
		0x0051 (Group Associations)

Handle 0x0051, DMI type 14, 8 bytes
Group Associations
	Name: ch2
	Items: 1
		0x0003 (Memory Device)

Handle 0x0052, DMI type 14, 8 bytes
Group Associations
	Name: imc3
	Items: 1
		0x0053 (Group Associations)

Handle 0x0053, DMI type 14, 8 bytes
Group Associations
	Name: ch3
	Items: 1
		0x0004 (Memory Device)

Handle 0x0054, DMI type 14, 8 bytes
Group Associations
	Name: imc8
	Items: 1
		0x0055 (Group Associations)

Handle 0x0055, DMI type 14, 8 bytes
Group Associations
	Name: ch8
	Items: 1
		0x0009 (Memory Device)

Handle 0x004F, DMI type 14, 20 bytes
Group Associations
	Name: die0
	Items: 5
		0x0031 (Processor)
		0x0050 (Group Associations)
		0x0052 (Group Associations)
		0x0054 (Group Associations)
		0x0056 (Group Associations)

Handle 0x0056, DMI type 14, 8 bytes
Group Associations
	Name: imc9
	Items: 1
		0x0057 (Group Associations)

Handle 0x0057, DMI type 14, 8 bytes
Group Associations
	Name: ch9
	Items: 1
		0x000A (Memory Device)

Handle 0x0059, DMI type 14, 8 bytes
Group Associations
	Name: imc0
	Items: 1
		0x005A (Group Associations)

Handle 0x005A, DMI type 14, 8 bytes
Group Associations
	Name: ch0
	Items: 1
		0x0001 (Memory Device)

Handle 0x005B, DMI type 14, 8 bytes
Group Associations
	Name: imc1
	Items: 1
		0x005C (Group Associations)

Handle 0x005C, DMI type 14, 8 bytes
Group Associations
	Name: ch1
	Items: 1
		0x0002 (Memory Device)

Handle 0x005D, DMI type 14, 8 bytes
Group Associations
	Name: imc6
	Items: 1
		0x005E (Group Associations)

Handle 0x005E, DMI type 14, 8 bytes
Group Associations
	Name: ch6
	Items: 1
		0x0007 (Memory Device)

Handle 0x0058, DMI type 14, 20 bytes
Group Associations
	Name: die1
	Items: 5
		0x0031 (Processor)
		0x0059 (Group Associations)
		0x005B (Group Associations)
		0x005D (Group Associations)
		0x005F (Group Associations)

Handle 0x005F, DMI type 14, 8 bytes
Group Associations
	Name: imc7
	Items: 1
		0x0060 (Group Associations)

Handle 0x0060, DMI type 14, 8 bytes
Group Associations
	Name: ch7
	Items: 1
		0x0008 (Memory Device)

Handle 0x0062, DMI type 14, 8 bytes
Group Associations
	Name: imc4
	Items: 1
		0x0063 (Group Associations)

Handle 0x0063, DMI type 14, 8 bytes
Group Associations
	Name: ch4
	Items: 1
		0x0005 (Memory Device)

Handle 0x0064, DMI type 14, 8 bytes
Group Associations
	Name: imc5
	Items: 1
		0x0065 (Group Associations)

Handle 0x0065, DMI type 14, 8 bytes
Group Associations
	Name: ch5
	Items: 1
		0x0006 (Memory Device)

Handle 0x0066, DMI type 14, 8 bytes
Group Associations
	Name: imc10
	Items: 1
		0x0067 (Group Associations)

Handle 0x0067, DMI type 14, 8 bytes
Group Associations
	Name: ch10
	Items: 1
		0x000B (Memory Device)

Handle 0x0061, DMI type 14, 20 bytes
Group Associations
	Name: die2
	Items: 5
		0x0031 (Processor)
		0x0062 (Group Associations)
		0x0064 (Group Associations)
		0x0066 (Group Associations)
		0x0068 (Group Associations)

Handle 0x0068, DMI type 14, 8 bytes
Group Associations
	Name: imc11
	Items: 1
		0x0069 (Group Associations)

Handle 0x0069, DMI type 14, 8 bytes
Group Associations
	Name: ch11
	Items: 1
		0x000C (Memory Device)

Handle 0x006B, DMI type 14, 8 bytes
Group Associations
	Name: imc2
	Items: 1
		0x006C (Group Associations)

Handle 0x006C, DMI type 14, 8 bytes
Group Associations
	Name: ch2
	Items: 1
		0x000F (Memory Device)

Handle 0x006D, DMI type 14, 8 bytes
Group Associations
	Name: imc3
	Items: 1
		0x006E (Group Associations)

Handle 0x006E, DMI type 14, 8 bytes
Group Associations
	Name: ch3
	Items: 1
		0x0010 (Memory Device)

Handle 0x006F, DMI type 14, 8 bytes
Group Associations
	Name: imc8
	Items: 1
		0x0070 (Group Associations)

Handle 0x0070, DMI type 14, 8 bytes
Group Associations
	Name: ch8
	Items: 1
		0x0015 (Memory Device)

Handle 0x006A, DMI type 14, 20 bytes
Group Associations
	Name: die0
	Items: 5
		0x0035 (Processor)
		0x006B (Group Associations)
		0x006D (Group Associations)
		0x006F (Group Associations)
		0x0071 (Group Associations)

Handle 0x0071, DMI type 14, 8 bytes
Group Associations
	Name: imc9
	Items: 1
		0x0072 (Group Associations)

Handle 0x0072, DMI type 14, 8 bytes
Group Associations
	Name: ch9
	Items: 1
		0x0016 (Memory Device)

Handle 0x0074, DMI type 14, 8 bytes
Group Associations
	Name: imc0
	Items: 1
		0x0075 (Group Associations)

Handle 0x0075, DMI type 14, 8 bytes
Group Associations
	Name: ch0
	Items: 1
		0x000D (Memory Device)

Handle 0x0076, DMI type 14, 8 bytes
Group Associations
	Name: imc1
	Items: 1
		0x0077 (Group Associations)

Handle 0x0077, DMI type 14, 8 bytes
Group Associations
	Name: ch1
	Items: 1
		0x000E (Memory Device)

Handle 0x0078, DMI type 14, 8 bytes
Group Associations
	Name: imc6
	Items: 1
		0x0079 (Group Associations)

Handle 0x0079, DMI type 14, 8 bytes
Group Associations
	Name: ch6
	Items: 1
		0x0013 (Memory Device)

Handle 0x0073, DMI type 14, 20 bytes
Group Associations
	Name: die1
	Items: 5
		0x0035 (Processor)
		0x0074 (Group Associations)
		0x0076 (Group Associations)
		0x0078 (Group Associations)
		0x007A (Group Associations)

Handle 0x007A, DMI type 14, 8 bytes
Group Associations
	Name: imc7
	Items: 1
		0x007B (Group Associations)

Handle 0x007B, DMI type 14, 8 bytes
Group Associations
	Name: ch7
	Items: 1
		0x0014 (Memory Device)

Handle 0x007D, DMI type 14, 8 bytes
Group Associations
	Name: imc4
	Items: 1
		0x007E (Group Associations)

Handle 0x007E, DMI type 14, 8 bytes
Group Associations
	Name: ch4
	Items: 1
		0x0011 (Memory Device)

Handle 0x007F, DMI type 14, 8 bytes
Group Associations
	Name: imc5
	Items: 1
		0x0080 (Group Associations)

Handle 0x0080, DMI type 14, 8 bytes
Group Associations
	Name: ch5
	Items: 1
		0x0012 (Memory Device)

Handle 0x0081, DMI type 14, 8 bytes
Group Associations
	Name: imc10
	Items: 1
		0x0082 (Group Associations)

Handle 0x0082, DMI type 14, 8 bytes
Group Associations
	Name: ch10
	Items: 1
		0x0017 (Memory Device)

Handle 0x007C, DMI type 14, 20 bytes
Group Associations
	Name: die2
	Items: 5
		0x0035 (Processor)
		0x007D (Group Associations)
		0x007F (Group Associations)
		0x0081 (Group Associations)
		0x0083 (Group Associations)

Handle 0x0083, DMI type 14, 8 bytes
Group Associations
	Name: imc11
	Items: 1
		0x0084 (Group Associations)

Handle 0x0084, DMI type 14, 8 bytes
Group Associations
	Name: ch11
	Items: 1
		0x0018 (Memory Device)

Handle 0x0086, DMI type 14, 11 bytes
Group Associations
	Name: Connector
	Items: 2
		0x0085 (Base Board)
		0x004C (System Slots)

Handle 0x0024, DMI type 3, 28 bytes
Chassis Information
	Manufacturer: Google
	Type: Main Server Chassis
	Lock: Not Present
	Version: 0.1
	Serial Number: UNKNOWN
	Asset Tag: Chassis Asset Tag
	Boot-up State: Safe
	Power Supply State: Safe
	Thermal State: Safe
	Security Status: None
	OEM Information: 0x00000667
	Height: Unspecified
	Number Of Power Cords: Unspecified
	Contained Elements: 2
		Motherboard (1)
		System Management Module (1)
	SKU Number: Not Specified

Handle 0x0087, DMI type 162, 21 bytes
OEM-specific Type
	Header and Data:
		A2 15 87 00 01 33 00 C0 5D 00 00 C0 5D 00 00 31
		00 35 00 00 01
	Strings:
		upi0

Handle 0x0088, DMI type 162, 21 bytes
OEM-specific Type
	Header and Data:
		A2 15 88 00 01 33 00 C0 5D 00 00 C0 5D 00 00 35
		00 31 00 01 00
	Strings:
		upi1

Handle 0x0089, DMI type 162, 21 bytes
OEM-specific Type
	Header and Data:
		A2 15 89 00 01 33 00 C0 5D 00 00 C0 5D 00 00 31
		00 35 00 01 00
	Strings:
		upi1

Handle 0x008A, DMI type 162, 21 bytes
OEM-specific Type
	Header and Data:
		A2 15 8A 00 01 33 00 C0 5D 00 00 C0 5D 00 00 35
		00 31 00 00 01
	Strings:
		upi0

Handle 0x008B, DMI type 162, 21 bytes
OEM-specific Type
	Header and Data:
		A2 15 8B 00 01 33 00 C0 5D 00 00 C0 5D 00 00 31
		00 35 00 02 03
	Strings:
		upi2

Handle 0x008C, DMI type 162, 21 bytes
OEM-specific Type
	Header and Data:
		A2 15 8C 00 01 33 00 C0 5D 00 00 C0 5D 00 00 35
		00 31 00 03 02
	Strings:
		upi3

Handle 0x008D, DMI type 162, 21 bytes
OEM-specific Type
	Header and Data:
		A2 15 8D 00 01 33 00 C0 5D 00 00 C0 5D 00 00 31
		00 35 00 03 02
	Strings:
		upi3

Handle 0x008E, DMI type 162, 21 bytes
OEM-specific Type
	Header and Data:
		A2 15 8E 00 01 33 00 C0 5D 00 00 C0 5D 00 00 35
		00 31 00 02 03
	Strings:
		upi2

Handle 0x008F, DMI type 162, 21 bytes
OEM-specific Type
	Header and Data:
		A2 15 8F 00 01 33 00 C0 5D 00 00 C0 5D 00 00 31
		00 35 00 04 05
	Strings:
		upi4

Handle 0x0090, DMI type 162, 21 bytes
OEM-specific Type
	Header and Data:
		A2 15 90 00 01 33 00 C0 5D 00 00 C0 5D 00 00 35
		00 31 00 05 04
	Strings:
		upi5

Handle 0x0091, DMI type 162, 21 bytes
OEM-specific Type
	Header and Data:
		A2 15 91 00 01 33 00 C0 5D 00 00 C0 5D 00 00 31
		00 35 00 05 04
	Strings:
		upi5

Handle 0x0092, DMI type 162, 21 bytes
OEM-specific Type
	Header and Data:
		A2 15 92 00 01 33 00 C0 5D 00 00 C0 5D 00 00 35
		00 31 00 04 05
	Strings:
		upi4

Handle 0x0028, DMI type 14, 8 bytes
Group Associations
	Name: Firmware Version Info
	Items: 1
		0x0021 (BIOS)

Handle 0x002C, DMI type 221, 89 bytes
OEM-specific Type
	Header and Data:
		DD 59 2C 00 0C 01 02 FF FF FF FF FF 03 04 FF FF
		FF FF FF 05 06 FF FF FF FF FF 07 08 FF FF FF FF
		FF 09 0A FF FF FF FF FF 0B 0C FF FF FF FF FF 0D
		0E FF FF FF FF FF 0F 10 FF FF FF FF FF 11 12 FF
		FF FF FF FF 13 14 FF FF FF FF FF 15 16 FF FF FF
		FF FF 17 18 FF FF FF FF FF
	Strings:
		IFWI Version
		N/A
		BIOS Version
		3544.P29
		GNR B0 Unified Patch
		01000380
		BIOS ACM Version
		1.0.7
		SINIT ACM Version
		1.0.7
		ACTM
		9BBF056A
		Aspeed Video 2600
		v1.13.05
		VROC
		85061D3E
		VMD
		75E031FB
		CXL Memory Driver
		N/A
		TDXSEAMLDR
		ACEBBBA8
		TDXSEAMSIG
		0B817FB0

Handle 0xFEFF, DMI type 127, 4 bytes
End Of Table

