# dmidecode 3.5
Getting SMBIOS data from sysfs.
SMBIOS 2.4 present.
11 structures occupying 462 bytes.
Table at 0x6C5E7000.

Handle 0x0000, DMI type 0, 24 bytes
BIOS Information
	Vendor: Google
	Version: Google
	Release Date: 06/07/2024
	Address: 0xE8000
	Runtime Size: 96 kB
	ROM Size: 64 kB
	Characteristics:
		BIOS characteristics not supported
		Targeted content distribution is supported
	BIOS Revision: 1.0

Handle 0x0097, DMI type 1, 27 bytes
System Information
	Manufacturer: Google
	Product Name: Google Compute Engine
	Version: Not Specified
	Serial Number: GoogleCloud-D21B606F7C3D4A2A1BA55D6E370EE1C2
	UUID: d21b606f-7c3d-4a2a-1ba5-5d6e370ee1c2
	Wake-up Type: Power Switch
	SKU Number: Not Specified
	Family: Not Specified

Handle 0x0098, DMI type 2, 15 bytes
Base Board Information
	Manufacturer: Google
	Product Name: Google Compute Engine
	Version: Not Specified
	Serial Number: Board-GoogleCloud-D21B606F7C3D4A2A1BA55D6E370EE1C2
	Asset Tag: D21B606F-7C3D-4A2A-1BA5-5D6E370EE1C2
	Features:
		Board is a hosting board
	Location In Chassis: Not Specified
	Chassis Handle: 0x0099
	Type: Motherboard
	Contained Object Handles: 0

Handle 0x0099, DMI type 3, 20 bytes
Chassis Information
	Manufacturer: Google
	Type: Other
	Lock: Not Present
	Version: Not Specified
	Serial Number: Not Specified
	Asset Tag: Not Specified
	Boot-up State: Safe
	Power Supply State: Safe
	Thermal State: Safe
	Security Status: Unknown
	OEM Information: 0x00000000
	Height: Unspecified
	Number Of Power Cords: Unspecified

Handle 0x1001, DMI type 4, 32 bytes
Processor Information
	Socket Designation: CPU 1
	Type: Central Processor
	Family: Other
	Manufacturer: Google
	ID: F0 06 03 00 FF FB 8B 1F
	Version: Not Specified
	Voltage: Unknown
	External Clock: Unknown
	Max Speed: 2000 MHz
	Current Speed: 2000 MHz
	Status: Populated, Enabled
	Upgrade: Other
	L1 Cache Handle: Not Provided
	L2 Cache Handle: Not Provided
	L3 Cache Handle: Not Provided

Handle 0x0200, DMI type 16, 15 bytes
Physical Memory Array
	Location: Other
	Use: System Memory
	Error Correction Type: Multi-bit ECC
	Maximum Capacity: 1740 MB
	Error Information Handle: Not Provided
	Number Of Devices: 1

Handle 0x7000, DMI type 17, 21 bytes
Memory Device
	Array Handle: 0x0200
	Error Information Handle: Not Provided
	Total Width: 64 bits
	Data Width: 64 bits
	Size: 1740 MB
	Form Factor: DIMM
	Set: None
	Locator: DIMM 0
	Bank Locator: Not Specified
	Type: RAM
	Type Detail: Synchronous

Handle 0x0300, DMI type 19, 15 bytes
Memory Array Mapped Address
	Starting Address: 0x00000000000
	Ending Address: 0x0006CBFFFFF
	Range Size: 1740 MB
	Physical Array Handle: 0x0200
	Partition Width: 1

Handle 0x4000, DMI type 20, 19 bytes
Memory Device Mapped Address
	Starting Address: 0x00000000000
	Ending Address: 0x0006CBFFFFF
	Range Size: 1740 MB
	Physical Device Handle: 0x7000
	Memory Array Mapped Address Handle: 0x0300
	Partition Row Position: 1

Handle 0x0100, DMI type 32, 11 bytes
System Boot Information
	Status: No errors detected

Handle 0xFEFF, DMI type 127, 4 bytes
End Of Table

